// Jest Snapshot v1, https://goo.gl/fbAQLP

exports[`GetGames returns an array with 2 valid objects. Snapshot. 1`] = `
<games-mock
  games={
    Array [
      Object {
        "id": "1",
        "logoUrl": "dummyLogoUrl1",
        "name": "dummyName1",
      },
      Object {
        "id": "2",
        "logoUrl": "dummyLogoUrl2",
        "name": "dummyName2",
      },
    ]
  }
/>
`;

exports[`GetGames returns an empty array. Snapshot. 1`] = `
<games-mock
  games={Array []}
/>
`;
